#-----------------------------------------------------------
# Vivado v2024.1 (64-bit)
# SW Build 5076996 on Wed May 22 18:37:14 MDT 2024
# IP Build 5075265 on Wed May 22 21:45:21 MDT 2024
# SharedData Build 5076995 on Wed May 22 18:29:18 MDT 2024
# Start of session at: Wed Dec  4 15:52:08 2024
# Process ID: 22980
# Current directory: C:/Awork/y3s1/HWSynLab/project/testuart16/testuart16.runs/synth_1
# Command line: vivado.exe -log uart_test.vds -product Vivado -mode batch -messageDb vivado.pb -notrace -source uart_test.tcl
# Log file: C:/Awork/y3s1/HWSynLab/project/testuart16/testuart16.runs/synth_1/uart_test.vds
# Journal file: C:/Awork/y3s1/HWSynLab/project/testuart16/testuart16.runs/synth_1\vivado.jou
# Running On        :Jeans
# Platform          :Windows Server 2016 or Windows 10
# Operating System  :22631
# Processor Detail  :AMD Ryzen 5 5600H with Radeon Graphics         
# CPU Frequency     :3294 MHz
# CPU Physical cores:6
# CPU Logical cores :12
# Host memory       :16487 MB
# Swap memory       :3342 MB
# Total Virtual     :19830 MB
# Available Virtual :3322 MB
#-----------------------------------------------------------
source uart_test.tcl -notrace
